
> senior-care@0.1.0 build
> next build --turbopack

   ▲ Next.js 15.5.4 (Turbopack)
   - Environments: .env.local
   - Experiments (use with caution):
     · clientTraceMetadata

   Creating an optimized production build ...

[2m[210.95ms][22m [@tailwindcss/postcss] app/globals.css
[2m[  0.04ms][22m  [2m ↳ [22mQuick bail check
[2m[ 20.53ms][22m  [2m ↳ [22mSetup compiler
[2m[  0.29ms][22m    [2m ↳ [22mPostCSS AST -> Tailwind CSS AST
[2m[ 20.22ms][22m    [2m ↳ [22mCreate compiler
[2m[  0.07ms][22m  [2m ↳ [22mRegister full rebuild paths
[2m[  2.85ms][22m  [2m ↳ [22mSetup scanner
[2m[ 40.52ms][22m  [2m ↳ [22mScan for candidates
[2m[ 29.58ms][22m  [2m ↳ [22mRegister dependency messages
[2m[ 54.52ms][22m  [2m ↳ [22mBuild utilities
[2m[ 54.20ms][22m  [2m ↳ [22mOptimization
[2m[  1.20ms][22m    [2m ↳ [22mAST -> CSS
[2m[ 33.97ms][22m    [2m ↳ [22mLightning CSS
[2m[ 18.96ms][22m    [2m ↳ [22mCSS -> PostCSS AST
[2m[  8.27ms][22m  [2m ↳ [22mUpdate PostCSS AST


[2m[0.02ms][22m [@tailwindcss/postcss] node_modules/nprogress/nprogress.css
[2m[0.02ms][22m  [2m ↳ [22mQuick bail check

 ✓ Finished writing to disk in 3.4s

> Build error occurred
Error: Turbopack build failed with 1 errors:
./lib/supabase/server.ts:3:1
Ecmascript file had an error
[0m [90m 1 |[39m [36mimport[39m { createServerClient } [36mfrom[39m [32m'@supabase/ssr'[39m
 [90m 2 |[39m [36mimport[39m { createClient [36mas[39m createSupabaseClient } [36mfrom[39m [32m'@supabase/supabase-js'[39m
[31m[1m>[22m[39m[90m 3 |[39m [36mimport[39m { cookies } [36mfrom[39m [32m'next/headers'[39m
 [90m   |[39m [31m[1m^[22m[39m[31m[1m^[22m[39m[31m[1m^[22m[39m[31m[1m^[22m[39m[31m[1m^[22m[39m[31m[1m^[22m[39m[31m[1m^[22m[39m[31m[1m^[22m[39m[31m[1m^[22m[39m[31m[1m^[22m[39m[31m[1m^[22m[39m[31m[1m^[22m[39m[31m[1m^[22m[39m[31m[1m^[22m[39m[31m[1m^[22m[39m[31m[1m^[22m[39m[31m[1m^[22m[39m[31m[1m^[22m[39m[31m[1m^[22m[39m[31m[1m^[22m[39m[31m[1m^[22m[39m[31m[1m^[22m[39m[31m[1m^[22m[39m[31m[1m^[22m[39m[31m[1m^[22m[39m[31m[1m^[22m[39m[31m[1m^[22m[39m[31m[1m^[22m[39m[31m[1m^[22m[39m[31m[1m^[22m[39m[31m[1m^[22m[39m[31m[1m^[22m[39m[31m[1m^[22m[39m[31m[1m^[22m[39m[31m[1m^[22m[39m[31m[1m^[22m[39m[31m[1m^[22m[39m[31m[1m^[22m[39m
 [90m 4 |[39m
 [90m 5 |[39m [36mexport[39m [36masync[39m [36mfunction[39m createClient() {
 [90m 6 |[39m   [36mconst[39m cookieStore [33m=[39m [36mawait[39m cookies()[0m

You're importing a component that needs "next/headers". That only works in a Server Component which is not supported in the pages/ directory. Read more: https://nextjs.org/docs/app/building-your-application/rendering/server-components




    at <unknown> (./lib/supabase/server.ts:3:1)
